
> backend@0.0.1 start:prod
> node dist/main

[Paths] Storage root: /home/leo/Projects/hledger-web-ui/storage
[Paths] Journal path: /home/leo/Projects/hledger-web-ui/storage/journals/main.journal
[32m[Nest] 148467  - [39m02/11/2026, 10:36:57 PM [32m    LOG[39m [38;5;3m[NestFactory] [39m[32mStarting Nest application...[39m
[32m[Nest] 148467  - [39m02/11/2026, 10:36:57 PM [32m    LOG[39m [38;5;3m[InstanceLoader] [39m[32mStorageModule dependencies initialized[39m[38;5;3m +25ms[39m
[32m[Nest] 148467  - [39m02/11/2026, 10:36:57 PM [32m    LOG[39m [38;5;3m[InstanceLoader] [39m[32mHledgerModule dependencies initialized[39m[38;5;3m +0ms[39m
[32m[Nest] 148467  - [39m02/11/2026, 10:36:57 PM [32m    LOG[39m [38;5;3m[InstanceLoader] [39m[32mAppModule dependencies initialized[39m[38;5;3m +3ms[39m
[32m[Nest] 148467  - [39m02/11/2026, 10:36:57 PM [32m    LOG[39m [38;5;3m[InstanceLoader] [39m[32mReportsModule dependencies initialized[39m[38;5;3m +1ms[39m
[32m[Nest] 148467  - [39m02/11/2026, 10:36:57 PM [32m    LOG[39m [38;5;3m[InstanceLoader] [39m[32mChartsModule dependencies initialized[39m[38;5;3m +0ms[39m
[32m[Nest] 148467  - [39m02/11/2026, 10:36:57 PM [32m    LOG[39m [38;5;3m[InstanceLoader] [39m[32mInvestmentsModule dependencies initialized[39m[38;5;3m +0ms[39m
[32m[Nest] 148467  - [39m02/11/2026, 10:36:57 PM [32m    LOG[39m [38;5;3m[InstanceLoader] [39m[32mProjectionsModule dependencies initialized[39m[38;5;3m +0ms[39m
[32m[Nest] 148467  - [39m02/11/2026, 10:36:57 PM [32m    LOG[39m [38;5;3m[InstanceLoader] [39m[32mHealthModule dependencies initialized[39m[38;5;3m +1ms[39m
[32m[Nest] 148467  - [39m02/11/2026, 10:36:57 PM [32m    LOG[39m [38;5;3m[InstanceLoader] [39m[32mJournalModule dependencies initialized[39m[38;5;3m +1ms[39m
[32m[Nest] 148467  - [39m02/11/2026, 10:36:57 PM [32m    LOG[39m [38;5;3m[RoutesResolver] [39m[32mAppController {/api}:[39m[38;5;3m +4ms[39m
[32m[Nest] 148467  - [39m02/11/2026, 10:36:57 PM [32m    LOG[39m [38;5;3m[RouterExplorer] [39m[32mMapped {/api, GET} route[39m[38;5;3m +4ms[39m
[32m[Nest] 148467  - [39m02/11/2026, 10:36:57 PM [32m    LOG[39m [38;5;3m[RoutesResolver] [39m[32mHealthController {/api/health}:[39m[38;5;3m +0ms[39m
[32m[Nest] 148467  - [39m02/11/2026, 10:36:57 PM [32m    LOG[39m [38;5;3m[RouterExplorer] [39m[32mMapped {/api/health, GET} route[39m[38;5;3m +0ms[39m
[32m[Nest] 148467  - [39m02/11/2026, 10:36:57 PM [32m    LOG[39m [38;5;3m[RoutesResolver] [39m[32mJournalController {/api/journal}:[39m[38;5;3m +0ms[39m
[32m[Nest] 148467  - [39m02/11/2026, 10:36:57 PM [32m    LOG[39m [38;5;3m[RouterExplorer] [39m[32mMapped {/api/journal/status, GET} route[39m[38;5;3m +1ms[39m
[32m[Nest] 148467  - [39m02/11/2026, 10:36:57 PM [32m    LOG[39m [38;5;3m[RouterExplorer] [39m[32mMapped {/api/journal/upload, POST} route[39m[38;5;3m +1ms[39m
[32m[Nest] 148467  - [39m02/11/2026, 10:36:57 PM [32m    LOG[39m [38;5;3m[RoutesResolver] [39m[32mReportsController {/api/reports}:[39m[38;5;3m +0ms[39m
[32m[Nest] 148467  - [39m02/11/2026, 10:36:57 PM [32m    LOG[39m [38;5;3m[RouterExplorer] [39m[32mMapped {/api/reports/balance, GET} route[39m[38;5;3m +0ms[39m
[32m[Nest] 148467  - [39m02/11/2026, 10:36:57 PM [32m    LOG[39m [38;5;3m[RouterExplorer] [39m[32mMapped {/api/reports/register, GET} route[39m[38;5;3m +0ms[39m
[32m[Nest] 148467  - [39m02/11/2026, 10:36:57 PM [32m    LOG[39m [38;5;3m[RouterExplorer] [39m[32mMapped {/api/reports/income-statement, GET} route[39m[38;5;3m +1ms[39m
[32m[Nest] 148467  - [39m02/11/2026, 10:36:57 PM [32m    LOG[39m [38;5;3m[RouterExplorer] [39m[32mMapped {/api/reports/accounts, GET} route[39m[38;5;3m +0ms[39m
[32m[Nest] 148467  - [39m02/11/2026, 10:36:57 PM [32m    LOG[39m [38;5;3m[RoutesResolver] [39m[32mChartsController {/api/charts}:[39m[38;5;3m +0ms[39m
[32m[Nest] 148467  - [39m02/11/2026, 10:36:57 PM [32m    LOG[39m [38;5;3m[RouterExplorer] [39m[32mMapped {/api/charts/monthly-summary, GET} route[39m[38;5;3m +2ms[39m
[32m[Nest] 148467  - [39m02/11/2026, 10:36:57 PM [32m    LOG[39m [38;5;3m[RouterExplorer] [39m[32mMapped {/api/charts/expenses-by-account, GET} route[39m[38;5;3m +0ms[39m
[32m[Nest] 148467  - [39m02/11/2026, 10:36:57 PM [32m    LOG[39m [38;5;3m[RoutesResolver] [39m[32mProjectionsController {/api/projections}:[39m[38;5;3m +1ms[39m
[32m[Nest] 148467  - [39m02/11/2026, 10:36:57 PM [32m    LOG[39m [38;5;3m[RouterExplorer] [39m[32mMapped {/api/projections/run, POST} route[39m[38;5;3m +0ms[39m
[32m[Nest] 148467  - [39m02/11/2026, 10:36:57 PM [32m    LOG[39m [38;5;3m[RouterExplorer] [39m[32mMapped {/api/projections/history, GET} route[39m[38;5;3m +0ms[39m
[32m[Nest] 148467  - [39m02/11/2026, 10:36:57 PM [32m    LOG[39m [38;5;3m[RouterExplorer] [39m[32mMapped {/api/projections/:id, GET} route[39m[38;5;3m +2ms[39m
[32m[Nest] 148467  - [39m02/11/2026, 10:36:57 PM [32m    LOG[39m [38;5;3m[RoutesResolver] [39m[32mInvestmentsController {/api/investments}:[39m[38;5;3m +1ms[39m
[32m[Nest] 148467  - [39m02/11/2026, 10:36:57 PM [32m    LOG[39m [38;5;3m[RouterExplorer] [39m[32mMapped {/api/investments, GET} route[39m[38;5;3m +2ms[39m
[32m[Nest] 148467  - [39m02/11/2026, 10:36:57 PM [32m    LOG[39m [38;5;3m[RouterExplorer] [39m[32mMapped {/api/investments/:id, GET} route[39m[38;5;3m +1ms[39m
[32m[Nest] 148467  - [39m02/11/2026, 10:36:57 PM [32m    LOG[39m [38;5;3m[RouterExplorer] [39m[32mMapped {/api/investments, POST} route[39m[38;5;3m +0ms[39m
[32m[Nest] 148467  - [39m02/11/2026, 10:36:57 PM [32m    LOG[39m [38;5;3m[RouterExplorer] [39m[32mMapped {/api/investments/:id, PUT} route[39m[38;5;3m +0ms[39m
[32m[Nest] 148467  - [39m02/11/2026, 10:36:57 PM [32m    LOG[39m [38;5;3m[RouterExplorer] [39m[32mMapped {/api/investments/:id, DELETE} route[39m[38;5;3m +1ms[39m
[32m[Nest] 148467  - [39m02/11/2026, 10:36:57 PM [32m    LOG[39m [38;5;3m[NestApplication] [39m[32mNest application successfully started[39m[38;5;3m +5ms[39m
[App] Servidor rodando em http://localhost:3000
[App] API disponível em http://localhost:3000/api
[32m[Nest] 148467  - [39m02/11/2026, 10:37:03 PM [32m    LOG[39m [38;5;3m[ChartsService] [39m[32mGerando despesas por conta: from=undefined, to=undefined, limit=undefined[39m
[95m[Nest] 148467  - [39m02/11/2026, 10:37:03 PM [95m  DEBUG[39m [38;5;3m[HledgerRunnerService] [39m[95mExecutando: hledger -f /home/leo/Projects/hledger-web-ui/storage/journals/main.journal balance expenses -O json[39m
[95m[Nest] 148467  - [39m02/11/2026, 10:37:03 PM [95m  DEBUG[39m [38;5;3m[HealthController] [39m[95mGET /api/health[39m
[95m[Nest] 148467  - [39m02/11/2026, 10:37:03 PM [95m  DEBUG[39m [38;5;3m[HealthService] [39m[95mExecutando health check[39m
[95m[Nest] 148467  - [39m02/11/2026, 10:37:03 PM [95m  DEBUG[39m [38;5;3m[HledgerRunnerService] [39m[95mExecutando: hledger -f /home/leo/Projects/hledger-web-ui/storage/journals/main.journal --version[39m
[95m[Nest] 148467  - [39m02/11/2026, 10:37:03 PM [95m  DEBUG[39m [38;5;3m[JsonStorageService] [39m[95mJSON lido com sucesso: /home/leo/Projects/hledger-web-ui/storage/data/investments.json[39m
[95m[Nest] 148467  - [39m02/11/2026, 10:37:03 PM [95m  DEBUG[39m [38;5;3m[JsonStorageService] [39m[95mJSON lido com sucesso: /home/leo/Projects/hledger-web-ui/storage/data/investments.json[39m
[95m[Nest] 148467  - [39m02/11/2026, 10:37:04 PM [95m  DEBUG[39m [38;5;3m[HledgerRunnerService] [39m[95mComando executado com sucesso: balance[39m
[32m[Nest] 148467  - [39m02/11/2026, 10:37:04 PM [32m    LOG[39m [38;5;3m[ChartsService] [39m[32mGerando despesas por conta: from=undefined, to=undefined, limit=undefined[39m
[95m[Nest] 148467  - [39m02/11/2026, 10:37:04 PM [95m  DEBUG[39m [38;5;3m[HledgerRunnerService] [39m[95mExecutando: hledger -f /home/leo/Projects/hledger-web-ui/storage/journals/main.journal balance expenses -O json[39m
[95m[Nest] 148467  - [39m02/11/2026, 10:37:04 PM [95m  DEBUG[39m [38;5;3m[HledgerRunnerService] [39m[95mComando executado com sucesso: --version[39m
[32m[Nest] 148467  - [39m02/11/2026, 10:37:04 PM [32m    LOG[39m [38;5;3m[HealthService] [39m[32mHealth check: OK[39m
[95m[Nest] 148467  - [39m02/11/2026, 10:37:04 PM [95m  DEBUG[39m [38;5;3m[HealthController] [39m[95mGET /api/health[39m
[95m[Nest] 148467  - [39m02/11/2026, 10:37:04 PM [95m  DEBUG[39m [38;5;3m[HealthService] [39m[95mExecutando health check[39m
[95m[Nest] 148467  - [39m02/11/2026, 10:37:04 PM [95m  DEBUG[39m [38;5;3m[HledgerRunnerService] [39m[95mExecutando: hledger -f /home/leo/Projects/hledger-web-ui/storage/journals/main.journal --version[39m
[95m[Nest] 148467  - [39m02/11/2026, 10:37:04 PM [95m  DEBUG[39m [38;5;3m[HledgerRunnerService] [39m[95mComando executado com sucesso: --version[39m
[32m[Nest] 148467  - [39m02/11/2026, 10:37:04 PM [32m    LOG[39m [38;5;3m[HealthService] [39m[32mHealth check: OK[39m
[95m[Nest] 148467  - [39m02/11/2026, 10:37:04 PM [95m  DEBUG[39m [38;5;3m[HledgerRunnerService] [39m[95mComando executado com sucesso: balance[39m
[95m[Nest] 148467  - [39m02/11/2026, 10:37:44 PM [95m  DEBUG[39m [38;5;3m[JsonStorageService] [39m[95mJSON lido com sucesso: /home/leo/Projects/hledger-web-ui/storage/data/investments.json[39m
[95m[Nest] 148467  - [39m02/11/2026, 10:37:44 PM [95m  DEBUG[39m [38;5;3m[JsonStorageService] [39m[95mJSON lido com sucesso: /home/leo/Projects/hledger-web-ui/storage/data/investments.json[39m
[95m[Nest] 148467  - [39m02/11/2026, 10:37:49 PM [95m  DEBUG[39m [38;5;3m[HealthController] [39m[95mGET /api/health[39m
[95m[Nest] 148467  - [39m02/11/2026, 10:37:49 PM [95m  DEBUG[39m [38;5;3m[HealthService] [39m[95mExecutando health check[39m
[95m[Nest] 148467  - [39m02/11/2026, 10:37:49 PM [95m  DEBUG[39m [38;5;3m[HledgerRunnerService] [39m[95mExecutando: hledger -f /home/leo/Projects/hledger-web-ui/storage/journals/main.journal --version[39m
[32m[Nest] 148467  - [39m02/11/2026, 10:37:49 PM [32m    LOG[39m [38;5;3m[ChartsService] [39m[32mGerando despesas por conta: from=undefined, to=undefined, limit=undefined[39m
[95m[Nest] 148467  - [39m02/11/2026, 10:37:49 PM [95m  DEBUG[39m [38;5;3m[HledgerRunnerService] [39m[95mExecutando: hledger -f /home/leo/Projects/hledger-web-ui/storage/journals/main.journal balance expenses -O json[39m
[95m[Nest] 148467  - [39m02/11/2026, 10:37:49 PM [95m  DEBUG[39m [38;5;3m[JsonStorageService] [39m[95mJSON lido com sucesso: /home/leo/Projects/hledger-web-ui/storage/data/investments.json[39m
[95m[Nest] 148467  - [39m02/11/2026, 10:37:49 PM [95m  DEBUG[39m [38;5;3m[JsonStorageService] [39m[95mJSON lido com sucesso: /home/leo/Projects/hledger-web-ui/storage/data/investments.json[39m
[95m[Nest] 148467  - [39m02/11/2026, 10:37:50 PM [95m  DEBUG[39m [38;5;3m[HledgerRunnerService] [39m[95mComando executado com sucesso: --version[39m
[32m[Nest] 148467  - [39m02/11/2026, 10:37:50 PM [32m    LOG[39m [38;5;3m[HealthService] [39m[32mHealth check: OK[39m
[95m[Nest] 148467  - [39m02/11/2026, 10:37:50 PM [95m  DEBUG[39m [38;5;3m[HealthController] [39m[95mGET /api/health[39m
[95m[Nest] 148467  - [39m02/11/2026, 10:37:50 PM [95m  DEBUG[39m [38;5;3m[HealthService] [39m[95mExecutando health check[39m
[95m[Nest] 148467  - [39m02/11/2026, 10:37:50 PM [95m  DEBUG[39m [38;5;3m[HledgerRunnerService] [39m[95mExecutando: hledger -f /home/leo/Projects/hledger-web-ui/storage/journals/main.journal --version[39m
[95m[Nest] 148467  - [39m02/11/2026, 10:37:50 PM [95m  DEBUG[39m [38;5;3m[HledgerRunnerService] [39m[95mComando executado com sucesso: balance[39m
[32m[Nest] 148467  - [39m02/11/2026, 10:37:50 PM [32m    LOG[39m [38;5;3m[ChartsService] [39m[32mGerando despesas por conta: from=undefined, to=undefined, limit=undefined[39m
[95m[Nest] 148467  - [39m02/11/2026, 10:37:50 PM [95m  DEBUG[39m [38;5;3m[HledgerRunnerService] [39m[95mExecutando: hledger -f /home/leo/Projects/hledger-web-ui/storage/journals/main.journal balance expenses -O json[39m
[95m[Nest] 148467  - [39m02/11/2026, 10:37:50 PM [95m  DEBUG[39m [38;5;3m[HledgerRunnerService] [39m[95mComando executado com sucesso: --version[39m
[32m[Nest] 148467  - [39m02/11/2026, 10:37:50 PM [32m    LOG[39m [38;5;3m[HealthService] [39m[32mHealth check: OK[39m
[95m[Nest] 148467  - [39m02/11/2026, 10:37:50 PM [95m  DEBUG[39m [38;5;3m[HledgerRunnerService] [39m[95mComando executado com sucesso: balance[39m
[32m[Nest] 148467  - [39m02/11/2026, 10:38:12 PM [32m    LOG[39m [38;5;3m[ReportsService] [39m[32mGerando relatório balance com filtros: {}[39m
[95m[Nest] 148467  - [39m02/11/2026, 10:38:12 PM [95m  DEBUG[39m [38;5;3m[HledgerRunnerService] [39m[95mExecutando: hledger -f /home/leo/Projects/hledger-web-ui/storage/journals/main.journal balance[39m
[95m[Nest] 148467  - [39m02/11/2026, 10:38:12 PM [95m  DEBUG[39m [38;5;3m[HledgerRunnerService] [39m[95mComando executado com sucesso: balance[39m
[32m[Nest] 148467  - [39m02/11/2026, 10:38:12 PM [32m    LOG[39m [38;5;3m[ReportsService] [39m[32mGerando relatório balance com filtros: {}[39m
[95m[Nest] 148467  - [39m02/11/2026, 10:38:12 PM [95m  DEBUG[39m [38;5;3m[HledgerRunnerService] [39m[95mExecutando: hledger -f /home/leo/Projects/hledger-web-ui/storage/journals/main.journal balance[39m
[95m[Nest] 148467  - [39m02/11/2026, 10:38:12 PM [95m  DEBUG[39m [38;5;3m[HledgerRunnerService] [39m[95mComando executado com sucesso: balance[39m
[95m[Nest] 148467  - [39m02/11/2026, 10:38:16 PM [95m  DEBUG[39m [38;5;3m[JsonStorageService] [39m[95mJSON lido com sucesso: /home/leo/Projects/hledger-web-ui/storage/data/investments.json[39m
[95m[Nest] 148467  - [39m02/11/2026, 10:38:16 PM [95m  DEBUG[39m [38;5;3m[JsonStorageService] [39m[95mJSON lido com sucesso: /home/leo/Projects/hledger-web-ui/storage/data/investments.json[39m
[95m[Nest] 148467  - [39m02/11/2026, 10:38:25 PM [95m  DEBUG[39m [38;5;3m[JsonStorageService] [39m[95mJSON lido com sucesso: /home/leo/Projects/hledger-web-ui/storage/data/investments.json[39m
[95m[Nest] 148467  - [39m02/11/2026, 10:38:25 PM [95m  DEBUG[39m [38;5;3m[JsonStorageService] [39m[95mArquivo temporário escrito: /home/leo/Projects/hledger-web-ui/storage/data/investments.json.tmp[39m
[32m[Nest] 148467  - [39m02/11/2026, 10:38:25 PM [32m    LOG[39m [38;5;3m[JsonStorageService] [39m[32mJSON escrito com sucesso: /home/leo/Projects/hledger-web-ui/storage/data/investments.json[39m
[95m[Nest] 148467  - [39m02/11/2026, 10:38:26 PM [95m  DEBUG[39m [38;5;3m[JsonStorageService] [39m[95mJSON lido com sucesso: /home/leo/Projects/hledger-web-ui/storage/data/investments.json[39m
[95m[Nest] 148467  - [39m02/11/2026, 10:38:32 PM [95m  DEBUG[39m [38;5;3m[JsonStorageService] [39m[95mJSON lido com sucesso: /home/leo/Projects/hledger-web-ui/storage/data/investments.json[39m
[95m[Nest] 148467  - [39m02/11/2026, 10:38:32 PM [95m  DEBUG[39m [38;5;3m[JsonStorageService] [39m[95mArquivo temporário escrito: /home/leo/Projects/hledger-web-ui/storage/data/investments.json.tmp[39m
[32m[Nest] 148467  - [39m02/11/2026, 10:38:32 PM [32m    LOG[39m [38;5;3m[JsonStorageService] [39m[32mJSON escrito com sucesso: /home/leo/Projects/hledger-web-ui/storage/data/investments.json[39m
[95m[Nest] 148467  - [39m02/11/2026, 10:38:32 PM [95m  DEBUG[39m [38;5;3m[JsonStorageService] [39m[95mJSON lido com sucesso: /home/leo/Projects/hledger-web-ui/storage/data/investments.json[39m
[95m[Nest] 148467  - [39m02/11/2026, 10:38:57 PM [95m  DEBUG[39m [38;5;3m[JsonStorageService] [39m[95mJSON lido com sucesso: /home/leo/Projects/hledger-web-ui/storage/data/investments.json[39m
[95m[Nest] 148467  - [39m02/11/2026, 10:38:57 PM [95m  DEBUG[39m [38;5;3m[JsonStorageService] [39m[95mArquivo temporário escrito: /home/leo/Projects/hledger-web-ui/storage/data/investments.json.tmp[39m
[32m[Nest] 148467  - [39m02/11/2026, 10:38:57 PM [32m    LOG[39m [38;5;3m[JsonStorageService] [39m[32mJSON escrito com sucesso: /home/leo/Projects/hledger-web-ui/storage/data/investments.json[39m
[95m[Nest] 148467  - [39m02/11/2026, 10:38:57 PM [95m  DEBUG[39m [38;5;3m[JsonStorageService] [39m[95mJSON lido com sucesso: /home/leo/Projects/hledger-web-ui/storage/data/investments.json[39m
[32m[Nest] 148467  - [39m02/11/2026, 10:39:04 PM [32m    LOG[39m [38;5;3m[ProjectionsService] [39m[32mExecutando projeção: baseMonths=3, horizonMonths=6, method=average[39m
[95m[Nest] 148467  - [39m02/11/2026, 10:39:04 PM [95m  DEBUG[39m [38;5;3m[ProjectionsService] [39m[95mBuscando dados históricos de 2025-11-01 até 2026-02-01[39m
[95m[Nest] 148467  - [39m02/11/2026, 10:39:04 PM [95m  DEBUG[39m [38;5;3m[HledgerRunnerService] [39m[95mExecutando: hledger -f /home/leo/Projects/hledger-web-ui/storage/journals/main.journal balance --begin 2025-11-01 --end 2026-02-01 -M --depth 1 -O csv ^income[39m
[95m[Nest] 148467  - [39m02/11/2026, 10:39:04 PM [95m  DEBUG[39m [38;5;3m[HledgerRunnerService] [39m[95mComando executado com sucesso: balance[39m
[95m[Nest] 148467  - [39m02/11/2026, 10:39:04 PM [95m  DEBUG[39m [38;5;3m[HledgerRunnerService] [39m[95mExecutando: hledger -f /home/leo/Projects/hledger-web-ui/storage/journals/main.journal balance --begin 2025-11-01 --end 2026-02-01 -M --depth 1 -O csv ^expenses[39m
[95m[Nest] 148467  - [39m02/11/2026, 10:39:04 PM [95m  DEBUG[39m [38;5;3m[HledgerRunnerService] [39m[95mComando executado com sucesso: balance[39m
[95m[Nest] 148467  - [39m02/11/2026, 10:39:04 PM [95m  DEBUG[39m [38;5;3m[ProjectionsService] [39m[95mProcessados 1 meses: [{"income":11045.8,"expenses":4607.9,"net":6437.9}][39m
[95m[Nest] 148467  - [39m02/11/2026, 10:39:04 PM [95m  DEBUG[39m [38;5;3m[ProjectionsService] [39m[95mDados históricos processados: 1 meses[39m
[95m[Nest] 148467  - [39m02/11/2026, 10:39:04 PM [95m  DEBUG[39m [38;5;3m[JsonStorageService] [39m[95mJSON lido com sucesso: /home/leo/Projects/hledger-web-ui/storage/data/projections.json[39m
[95m[Nest] 148467  - [39m02/11/2026, 10:39:04 PM [95m  DEBUG[39m [38;5;3m[JsonStorageService] [39m[95mArquivo temporário escrito: /home/leo/Projects/hledger-web-ui/storage/data/projections.json.tmp[39m
[32m[Nest] 148467  - [39m02/11/2026, 10:39:04 PM [32m    LOG[39m [38;5;3m[JsonStorageService] [39m[32mJSON escrito com sucesso: /home/leo/Projects/hledger-web-ui/storage/data/projections.json[39m
[32m[Nest] 148467  - [39m02/11/2026, 10:39:04 PM [32m    LOG[39m [38;5;3m[ProjectionsService] [39m[32mProjeção salva: ce9dc1a8-f5c3-4aa4-8100-a0c6c68f5dff[39m
[32m[Nest] 148467  - [39m02/11/2026, 10:39:19 PM [32m    LOG[39m [38;5;3m[ProjectionsService] [39m[32mExecutando projeção: baseMonths=3, horizonMonths=6, method=linear[39m
[95m[Nest] 148467  - [39m02/11/2026, 10:39:19 PM [95m  DEBUG[39m [38;5;3m[ProjectionsService] [39m[95mBuscando dados históricos de 2025-11-01 até 2026-02-01[39m
[95m[Nest] 148467  - [39m02/11/2026, 10:39:19 PM [95m  DEBUG[39m [38;5;3m[HledgerRunnerService] [39m[95mExecutando: hledger -f /home/leo/Projects/hledger-web-ui/storage/journals/main.journal balance --begin 2025-11-01 --end 2026-02-01 -M --depth 1 -O csv ^income[39m
[95m[Nest] 148467  - [39m02/11/2026, 10:39:19 PM [95m  DEBUG[39m [38;5;3m[HledgerRunnerService] [39m[95mComando executado com sucesso: balance[39m
[95m[Nest] 148467  - [39m02/11/2026, 10:39:19 PM [95m  DEBUG[39m [38;5;3m[HledgerRunnerService] [39m[95mExecutando: hledger -f /home/leo/Projects/hledger-web-ui/storage/journals/main.journal balance --begin 2025-11-01 --end 2026-02-01 -M --depth 1 -O csv ^expenses[39m
[95m[Nest] 148467  - [39m02/11/2026, 10:39:19 PM [95m  DEBUG[39m [38;5;3m[HledgerRunnerService] [39m[95mComando executado com sucesso: balance[39m
[95m[Nest] 148467  - [39m02/11/2026, 10:39:19 PM [95m  DEBUG[39m [38;5;3m[ProjectionsService] [39m[95mProcessados 1 meses: [{"income":11045.8,"expenses":4607.9,"net":6437.9}][39m
[95m[Nest] 148467  - [39m02/11/2026, 10:39:19 PM [95m  DEBUG[39m [38;5;3m[ProjectionsService] [39m[95mDados históricos processados: 1 meses[39m
[95m[Nest] 148467  - [39m02/11/2026, 10:39:19 PM [95m  DEBUG[39m [38;5;3m[JsonStorageService] [39m[95mJSON lido com sucesso: /home/leo/Projects/hledger-web-ui/storage/data/projections.json[39m
[95m[Nest] 148467  - [39m02/11/2026, 10:39:19 PM [95m  DEBUG[39m [38;5;3m[JsonStorageService] [39m[95mArquivo temporário escrito: /home/leo/Projects/hledger-web-ui/storage/data/projections.json.tmp[39m
[32m[Nest] 148467  - [39m02/11/2026, 10:39:19 PM [32m    LOG[39m [38;5;3m[JsonStorageService] [39m[32mJSON escrito com sucesso: /home/leo/Projects/hledger-web-ui/storage/data/projections.json[39m
[32m[Nest] 148467  - [39m02/11/2026, 10:39:19 PM [32m    LOG[39m [38;5;3m[ProjectionsService] [39m[32mProjeção salva: d6114dae-4bfe-41ea-8dfa-492524c90c48[39m
[32m[Nest] 148467  - [39m02/11/2026, 10:39:29 PM [32m    LOG[39m [38;5;3m[ReportsService] [39m[32mGerando relatório balance com filtros: {}[39m
[95m[Nest] 148467  - [39m02/11/2026, 10:39:29 PM [95m  DEBUG[39m [38;5;3m[HledgerRunnerService] [39m[95mExecutando: hledger -f /home/leo/Projects/hledger-web-ui/storage/journals/main.journal balance[39m
[95m[Nest] 148467  - [39m02/11/2026, 10:39:29 PM [95m  DEBUG[39m [38;5;3m[HledgerRunnerService] [39m[95mComando executado com sucesso: balance[39m
[32m[Nest] 148467  - [39m02/11/2026, 10:39:29 PM [32m    LOG[39m [38;5;3m[ReportsService] [39m[32mGerando relatório balance com filtros: {}[39m
[95m[Nest] 148467  - [39m02/11/2026, 10:39:29 PM [95m  DEBUG[39m [38;5;3m[HledgerRunnerService] [39m[95mExecutando: hledger -f /home/leo/Projects/hledger-web-ui/storage/journals/main.journal balance[39m
[95m[Nest] 148467  - [39m02/11/2026, 10:39:29 PM [95m  DEBUG[39m [38;5;3m[HledgerRunnerService] [39m[95mComando executado com sucesso: balance[39m
[32m[Nest] 148467  - [39m02/11/2026, 10:39:31 PM [32m    LOG[39m [38;5;3m[ReportsService] [39m[32mGerando relatório register com filtros: {}[39m
[95m[Nest] 148467  - [39m02/11/2026, 10:39:31 PM [95m  DEBUG[39m [38;5;3m[HledgerRunnerService] [39m[95mExecutando: hledger -f /home/leo/Projects/hledger-web-ui/storage/journals/main.journal register[39m
[95m[Nest] 148467  - [39m02/11/2026, 10:39:31 PM [95m  DEBUG[39m [38;5;3m[HledgerRunnerService] [39m[95mComando executado com sucesso: register[39m
[95m[Nest] 148467  - [39m02/11/2026, 10:39:36 PM [95m  DEBUG[39m [38;5;3m[HealthController] [39m[95mGET /api/health[39m
[95m[Nest] 148467  - [39m02/11/2026, 10:39:36 PM [95m  DEBUG[39m [38;5;3m[HealthService] [39m[95mExecutando health check[39m
[95m[Nest] 148467  - [39m02/11/2026, 10:39:36 PM [95m  DEBUG[39m [38;5;3m[HledgerRunnerService] [39m[95mExecutando: hledger -f /home/leo/Projects/hledger-web-ui/storage/journals/main.journal --version[39m
[95m[Nest] 148467  - [39m02/11/2026, 10:39:37 PM [95m  DEBUG[39m [38;5;3m[HledgerRunnerService] [39m[95mComando executado com sucesso: --version[39m
[32m[Nest] 148467  - [39m02/11/2026, 10:39:37 PM [32m    LOG[39m [38;5;3m[HealthService] [39m[32mHealth check: OK[39m
[95m[Nest] 148467  - [39m02/11/2026, 10:39:38 PM [95m  DEBUG[39m [38;5;3m[JsonStorageService] [39m[95mJSON lido com sucesso: /home/leo/Projects/hledger-web-ui/storage/data/investments.json[39m
[32m[Nest] 148467  - [39m02/11/2026, 10:39:39 PM [32m    LOG[39m [38;5;3m[ReportsService] [39m[32mGerando Income Statement com filtros: {}[39m
[95m[Nest] 148467  - [39m02/11/2026, 10:39:39 PM [95m  DEBUG[39m [38;5;3m[HledgerRunnerService] [39m[95mExecutando: hledger -f /home/leo/Projects/hledger-web-ui/storage/journals/main.journal is[39m
[95m[Nest] 148467  - [39m02/11/2026, 10:39:39 PM [95m  DEBUG[39m [38;5;3m[HledgerRunnerService] [39m[95mComando executado com sucesso: is[39m
[95m[Nest] 148467  - [39m02/11/2026, 10:39:42 PM [95m  DEBUG[39m [38;5;3m[JsonStorageService] [39m[95mJSON lido com sucesso: /home/leo/Projects/hledger-web-ui/storage/data/investments.json[39m
[32m[Nest] 148467  - [39m02/11/2026, 10:39:52 PM [32m    LOG[39m [38;5;3m[ChartsService] [39m[32mGerando despesas por conta: from=undefined, to=undefined, limit=10[39m
[95m[Nest] 148467  - [39m02/11/2026, 10:39:52 PM [95m  DEBUG[39m [38;5;3m[HledgerRunnerService] [39m[95mExecutando: hledger -f /home/leo/Projects/hledger-web-ui/storage/journals/main.journal balance expenses -O json[39m
[95m[Nest] 148467  - [39m02/11/2026, 10:39:52 PM [95m  DEBUG[39m [38;5;3m[HledgerRunnerService] [39m[95mComando executado com sucesso: balance[39m
[32m[Nest] 148467  - [39m02/11/2026, 10:39:53 PM [32m    LOG[39m [38;5;3m[ChartsService] [39m[32mGerando resumo mensal: from=undefined, to=undefined[39m
[95m[Nest] 148467  - [39m02/11/2026, 10:39:53 PM [95m  DEBUG[39m [38;5;3m[HledgerRunnerService] [39m[95mExecutando: hledger -f /home/leo/Projects/hledger-web-ui/storage/journals/main.journal is -M -O json[39m
[95m[Nest] 148467  - [39m02/11/2026, 10:39:53 PM [95m  DEBUG[39m [38;5;3m[HledgerRunnerService] [39m[95mComando executado com sucesso: is[39m
[32m[Nest] 148467  - [39m02/11/2026, 10:39:53 PM [32m    LOG[39m [38;5;3m[ReportsService] [39m[32mListando todas as contas[39m
[95m[Nest] 148467  - [39m02/11/2026, 10:39:53 PM [95m  DEBUG[39m [38;5;3m[HledgerRunnerService] [39m[95mExecutando: hledger -f /home/leo/Projects/hledger-web-ui/storage/journals/main.journal accounts[39m
[95m[Nest] 148467  - [39m02/11/2026, 10:39:53 PM [95m  DEBUG[39m [38;5;3m[HledgerRunnerService] [39m[95mComando executado com sucesso: accounts[39m
[95m[Nest] 148467  - [39m02/11/2026, 10:39:58 PM [95m  DEBUG[39m [38;5;3m[HealthController] [39m[95mGET /api/health[39m
[95m[Nest] 148467  - [39m02/11/2026, 10:39:58 PM [95m  DEBUG[39m [38;5;3m[HealthService] [39m[95mExecutando health check[39m
[32m[Nest] 148467  - [39m02/11/2026, 10:39:58 PM [32m    LOG[39m [38;5;3m[ChartsService] [39m[32mGerando despesas por conta: from=undefined, to=undefined, limit=undefined[39m
[95m[Nest] 148467  - [39m02/11/2026, 10:39:58 PM [95m  DEBUG[39m [38;5;3m[HledgerRunnerService] [39m[95mExecutando: hledger -f /home/leo/Projects/hledger-web-ui/storage/journals/main.journal balance expenses -O json[39m
[95m[Nest] 148467  - [39m02/11/2026, 10:39:58 PM [95m  DEBUG[39m [38;5;3m[HledgerRunnerService] [39m[95mExecutando: hledger -f /home/leo/Projects/hledger-web-ui/storage/journals/main.journal --version[39m
[95m[Nest] 148467  - [39m02/11/2026, 10:39:58 PM [95m  DEBUG[39m [38;5;3m[JsonStorageService] [39m[95mJSON lido com sucesso: /home/leo/Projects/hledger-web-ui/storage/data/investments.json[39m
[95m[Nest] 148467  - [39m02/11/2026, 10:39:58 PM [95m  DEBUG[39m [38;5;3m[JsonStorageService] [39m[95mJSON lido com sucesso: /home/leo/Projects/hledger-web-ui/storage/data/investments.json[39m
[95m[Nest] 148467  - [39m02/11/2026, 10:39:58 PM [95m  DEBUG[39m [38;5;3m[HledgerRunnerService] [39m[95mComando executado com sucesso: --version[39m
[32m[Nest] 148467  - [39m02/11/2026, 10:39:58 PM [32m    LOG[39m [38;5;3m[HealthService] [39m[32mHealth check: OK[39m
[95m[Nest] 148467  - [39m02/11/2026, 10:39:58 PM [95m  DEBUG[39m [38;5;3m[HealthController] [39m[95mGET /api/health[39m
[95m[Nest] 148467  - [39m02/11/2026, 10:39:58 PM [95m  DEBUG[39m [38;5;3m[HealthService] [39m[95mExecutando health check[39m
[95m[Nest] 148467  - [39m02/11/2026, 10:39:58 PM [95m  DEBUG[39m [38;5;3m[HledgerRunnerService] [39m[95mExecutando: hledger -f /home/leo/Projects/hledger-web-ui/storage/journals/main.journal --version[39m
[95m[Nest] 148467  - [39m02/11/2026, 10:39:58 PM [95m  DEBUG[39m [38;5;3m[HledgerRunnerService] [39m[95mComando executado com sucesso: balance[39m
[32m[Nest] 148467  - [39m02/11/2026, 10:39:58 PM [32m    LOG[39m [38;5;3m[ChartsService] [39m[32mGerando despesas por conta: from=undefined, to=undefined, limit=undefined[39m
[95m[Nest] 148467  - [39m02/11/2026, 10:39:58 PM [95m  DEBUG[39m [38;5;3m[HledgerRunnerService] [39m[95mExecutando: hledger -f /home/leo/Projects/hledger-web-ui/storage/journals/main.journal balance expenses -O json[39m
[95m[Nest] 148467  - [39m02/11/2026, 10:39:58 PM [95m  DEBUG[39m [38;5;3m[HledgerRunnerService] [39m[95mComando executado com sucesso: --version[39m
[32m[Nest] 148467  - [39m02/11/2026, 10:39:58 PM [32m    LOG[39m [38;5;3m[HealthService] [39m[32mHealth check: OK[39m
[95m[Nest] 148467  - [39m02/11/2026, 10:39:58 PM [95m  DEBUG[39m [38;5;3m[HledgerRunnerService] [39m[95mComando executado com sucesso: balance[39m
[32m[Nest] 148467  - [39m02/11/2026, 10:40:11 PM [32m    LOG[39m [38;5;3m[ReportsService] [39m[32mGerando relatório balance com filtros: {}[39m
[95m[Nest] 148467  - [39m02/11/2026, 10:40:11 PM [95m  DEBUG[39m [38;5;3m[HledgerRunnerService] [39m[95mExecutando: hledger -f /home/leo/Projects/hledger-web-ui/storage/journals/main.journal balance[39m
[95m[Nest] 148467  - [39m02/11/2026, 10:40:11 PM [95m  DEBUG[39m [38;5;3m[HledgerRunnerService] [39m[95mComando executado com sucesso: balance[39m
[32m[Nest] 148467  - [39m02/11/2026, 10:40:12 PM [32m    LOG[39m [38;5;3m[ReportsService] [39m[32mGerando relatório register com filtros: {}[39m
[95m[Nest] 148467  - [39m02/11/2026, 10:40:12 PM [95m  DEBUG[39m [38;5;3m[HledgerRunnerService] [39m[95mExecutando: hledger -f /home/leo/Projects/hledger-web-ui/storage/journals/main.journal register[39m
[32m[Nest] 148467  - [39m02/11/2026, 10:40:13 PM [32m    LOG[39m [38;5;3m[ReportsService] [39m[32mGerando Income Statement com filtros: {}[39m
[95m[Nest] 148467  - [39m02/11/2026, 10:40:13 PM [95m  DEBUG[39m [38;5;3m[HledgerRunnerService] [39m[95mExecutando: hledger -f /home/leo/Projects/hledger-web-ui/storage/journals/main.journal is[39m
[95m[Nest] 148467  - [39m02/11/2026, 10:40:13 PM [95m  DEBUG[39m [38;5;3m[HledgerRunnerService] [39m[95mComando executado com sucesso: register[39m
[95m[Nest] 148467  - [39m02/11/2026, 10:40:13 PM [95m  DEBUG[39m [38;5;3m[HledgerRunnerService] [39m[95mComando executado com sucesso: is[39m
[32m[Nest] 148467  - [39m02/11/2026, 10:40:13 PM [32m    LOG[39m [38;5;3m[ReportsService] [39m[32mListando todas as contas[39m
[95m[Nest] 148467  - [39m02/11/2026, 10:40:13 PM [95m  DEBUG[39m [38;5;3m[HledgerRunnerService] [39m[95mExecutando: hledger -f /home/leo/Projects/hledger-web-ui/storage/journals/main.journal accounts[39m
[95m[Nest] 148467  - [39m02/11/2026, 10:40:13 PM [95m  DEBUG[39m [38;5;3m[HledgerRunnerService] [39m[95mComando executado com sucesso: accounts[39m
[32m[Nest] 148467  - [39m02/11/2026, 10:40:21 PM [32m    LOG[39m [38;5;3m[ProjectionsService] [39m[32mExecutando projeção: baseMonths=3, horizonMonths=6, method=average[39m
[95m[Nest] 148467  - [39m02/11/2026, 10:40:21 PM [95m  DEBUG[39m [38;5;3m[ProjectionsService] [39m[95mBuscando dados históricos de 2025-11-01 até 2026-02-01[39m
[95m[Nest] 148467  - [39m02/11/2026, 10:40:21 PM [95m  DEBUG[39m [38;5;3m[HledgerRunnerService] [39m[95mExecutando: hledger -f /home/leo/Projects/hledger-web-ui/storage/journals/main.journal balance --begin 2025-11-01 --end 2026-02-01 -M --depth 1 -O csv ^income[39m
[95m[Nest] 148467  - [39m02/11/2026, 10:40:21 PM [95m  DEBUG[39m [38;5;3m[HledgerRunnerService] [39m[95mComando executado com sucesso: balance[39m
[95m[Nest] 148467  - [39m02/11/2026, 10:40:21 PM [95m  DEBUG[39m [38;5;3m[HledgerRunnerService] [39m[95mExecutando: hledger -f /home/leo/Projects/hledger-web-ui/storage/journals/main.journal balance --begin 2025-11-01 --end 2026-02-01 -M --depth 1 -O csv ^expenses[39m
[95m[Nest] 148467  - [39m02/11/2026, 10:40:21 PM [95m  DEBUG[39m [38;5;3m[HledgerRunnerService] [39m[95mComando executado com sucesso: balance[39m
[95m[Nest] 148467  - [39m02/11/2026, 10:40:21 PM [95m  DEBUG[39m [38;5;3m[ProjectionsService] [39m[95mProcessados 1 meses: [{"income":11045.8,"expenses":4607.9,"net":6437.9}][39m
[95m[Nest] 148467  - [39m02/11/2026, 10:40:21 PM [95m  DEBUG[39m [38;5;3m[ProjectionsService] [39m[95mDados históricos processados: 1 meses[39m
[95m[Nest] 148467  - [39m02/11/2026, 10:40:21 PM [95m  DEBUG[39m [38;5;3m[JsonStorageService] [39m[95mJSON lido com sucesso: /home/leo/Projects/hledger-web-ui/storage/data/projections.json[39m
[95m[Nest] 148467  - [39m02/11/2026, 10:40:21 PM [95m  DEBUG[39m [38;5;3m[JsonStorageService] [39m[95mArquivo temporário escrito: /home/leo/Projects/hledger-web-ui/storage/data/projections.json.tmp[39m
[32m[Nest] 148467  - [39m02/11/2026, 10:40:21 PM [32m    LOG[39m [38;5;3m[JsonStorageService] [39m[32mJSON escrito com sucesso: /home/leo/Projects/hledger-web-ui/storage/data/projections.json[39m
[32m[Nest] 148467  - [39m02/11/2026, 10:40:21 PM [32m    LOG[39m [38;5;3m[ProjectionsService] [39m[32mProjeção salva: 025209e7-c6d7-4f93-b8ab-a72930159cf6[39m
[32m[Nest] 148467  - [39m02/11/2026, 10:40:25 PM [32m    LOG[39m [38;5;3m[ProjectionsService] [39m[32mExecutando projeção: baseMonths=3, horizonMonths=6, method=average[39m
[95m[Nest] 148467  - [39m02/11/2026, 10:40:25 PM [95m  DEBUG[39m [38;5;3m[ProjectionsService] [39m[95mBuscando dados históricos de 2025-11-01 até 2026-02-01[39m
[95m[Nest] 148467  - [39m02/11/2026, 10:40:25 PM [95m  DEBUG[39m [38;5;3m[HledgerRunnerService] [39m[95mExecutando: hledger -f /home/leo/Projects/hledger-web-ui/storage/journals/main.journal balance --begin 2025-11-01 --end 2026-02-01 -M --depth 1 -O csv ^income[39m
[95m[Nest] 148467  - [39m02/11/2026, 10:40:25 PM [95m  DEBUG[39m [38;5;3m[HledgerRunnerService] [39m[95mComando executado com sucesso: balance[39m
[95m[Nest] 148467  - [39m02/11/2026, 10:40:25 PM [95m  DEBUG[39m [38;5;3m[HledgerRunnerService] [39m[95mExecutando: hledger -f /home/leo/Projects/hledger-web-ui/storage/journals/main.journal balance --begin 2025-11-01 --end 2026-02-01 -M --depth 1 -O csv ^expenses[39m
[95m[Nest] 148467  - [39m02/11/2026, 10:40:26 PM [95m  DEBUG[39m [38;5;3m[HledgerRunnerService] [39m[95mComando executado com sucesso: balance[39m
[95m[Nest] 148467  - [39m02/11/2026, 10:40:26 PM [95m  DEBUG[39m [38;5;3m[ProjectionsService] [39m[95mProcessados 1 meses: [{"income":11045.8,"expenses":4607.9,"net":6437.9}][39m
[95m[Nest] 148467  - [39m02/11/2026, 10:40:26 PM [95m  DEBUG[39m [38;5;3m[ProjectionsService] [39m[95mDados históricos processados: 1 meses[39m
[95m[Nest] 148467  - [39m02/11/2026, 10:40:26 PM [95m  DEBUG[39m [38;5;3m[JsonStorageService] [39m[95mJSON lido com sucesso: /home/leo/Projects/hledger-web-ui/storage/data/projections.json[39m
[95m[Nest] 148467  - [39m02/11/2026, 10:40:26 PM [95m  DEBUG[39m [38;5;3m[JsonStorageService] [39m[95mArquivo temporário escrito: /home/leo/Projects/hledger-web-ui/storage/data/projections.json.tmp[39m
[32m[Nest] 148467  - [39m02/11/2026, 10:40:26 PM [32m    LOG[39m [38;5;3m[JsonStorageService] [39m[32mJSON escrito com sucesso: /home/leo/Projects/hledger-web-ui/storage/data/projections.json[39m
[32m[Nest] 148467  - [39m02/11/2026, 10:40:26 PM [32m    LOG[39m [38;5;3m[ProjectionsService] [39m[32mProjeção salva: e43282fd-b7ae-4746-9cc4-03589a93b8c5[39m
